INFO 2025-08-08 19:18:07,574 autoreload 376308 133062058229888 Watching for file changes with StatReloader
INFO 2025-08-08 19:19:17,745 autoreload 376308 133062058229888 /home/hader/skillswap-backend/skillswap/settings.py changed, reloading.
INFO 2025-08-08 19:19:18,567 autoreload 377930 136380477288576 Watching for file changes with StatReloader
INFO 2025-08-08 19:25:58,269 autoreload 377930 136380477288576 /home/hader/skillswap-backend/skillswap/settings.py changed, reloading.
INFO 2025-08-08 19:25:59,112 autoreload 386943 132182015447168 Watching for file changes with StatReloader
INFO 2025-08-08 19:26:51,688 autoreload 386943 132182015447168 /home/hader/skillswap-backend/skillswap/settings.py changed, reloading.
INFO 2025-08-08 19:26:52,540 autoreload 388140 129531393986688 Watching for file changes with StatReloader
INFO 2025-08-08 19:27:59,440 autoreload 388140 129531393986688 /home/hader/skillswap-backend/skillswap/settings.py changed, reloading.
INFO 2025-08-08 19:28:00,376 autoreload 389752 126557266071680 Watching for file changes with StatReloader
INFO 2025-08-08 19:39:57,973 autoreload 389752 126557266071680 /home/hader/skillswap-backend/skillswap/settings.py changed, reloading.
INFO 2025-08-08 19:39:58,891 autoreload 405866 136098646577280 Watching for file changes with StatReloader
INFO 2025-08-08 19:41:35,444 autoreload 408208 138906147168384 Watching for file changes with StatReloader
INFO 2025-08-08 19:41:43,947 autoreload 408513 135763475501184 Watching for file changes with StatReloader
INFO 2025-08-08 19:43:24,989 autoreload 410804 132434375544960 Watching for file changes with StatReloader
INFO 2025-08-08 19:43:29,450 basehttp 410804 132434276554432 "GET / HTTP/1.1" 200 1553
INFO 2025-08-08 19:43:29,500 basehttp 410804 132434276554432 "GET /static/drf-yasg/style.css HTTP/1.1" 304 0
INFO 2025-08-08 19:43:29,506 basehttp 410804 132434276554432 "GET /static/drf-yasg/swagger-ui-dist/swagger-ui-bundle.js HTTP/1.1" 304 0
INFO 2025-08-08 19:43:29,507 basehttp 410804 132434268161728 "GET /static/drf-yasg/swagger-ui-dist/swagger-ui.css HTTP/1.1" 304 0
INFO 2025-08-08 19:43:29,510 basehttp 410804 132434258720448 "GET /static/drf-yasg/swagger-ui-dist/swagger-ui-standalone-preset.js HTTP/1.1" 304 0
INFO 2025-08-08 19:43:29,513 basehttp 410804 132434041501376 "GET /static/drf-yasg/insQ.min.js HTTP/1.1" 304 0
INFO 2025-08-08 19:43:29,514 basehttp 410804 132434033108672 "GET /static/drf-yasg/immutable.min.js HTTP/1.1" 304 0
INFO 2025-08-08 19:43:29,515 basehttp 410804 132434024715968 "GET /static/drf-yasg/swagger-ui-init.js HTTP/1.1" 304 0
INFO 2025-08-08 19:43:29,854 basehttp 410804 132434276554432 "GET /?format=openapi HTTP/1.1" 200 38329
INFO 2025-08-08 19:46:04,390 autoreload 410804 132434375544960 /home/hader/skillswap-backend/skillswap/settings.py changed, reloading.
INFO 2025-08-08 19:46:04,812 autoreload 405866 136098646577280 /home/hader/skillswap-backend/skillswap/settings.py changed, reloading.
INFO 2025-08-08 19:46:05,282 autoreload 414547 130544940368000 Watching for file changes with StatReloader
INFO 2025-08-08 19:46:05,683 autoreload 414548 138702751580288 Watching for file changes with StatReloader
INFO 2025-08-08 19:59:45,669 autoreload 414548 138702751580288 /home/hader/skillswap-backend/skillswap/settings.py changed, reloading.
INFO 2025-08-08 19:59:46,491 autoreload 433178 134615363121280 Watching for file changes with StatReloader
INFO 2025-08-08 19:59:48,878 autoreload 433178 134615363121280 /home/hader/skillswap-backend/skillswap/settings.py changed, reloading.
INFO 2025-08-08 19:59:49,819 autoreload 433308 134626158125184 Watching for file changes with StatReloader
INFO 2025-08-08 22:47:12,953 autoreload 433308 134626158125184 /home/hader/skillswap-backend/skillswap/settings.py changed, reloading.
INFO 2025-08-09 15:52:21,888 autoreload 1276823 127211657252992 Watching for file changes with StatReloader
INFO 2025-08-09 17:03:33,124 autoreload 1380455 124067437691008 Watching for file changes with StatReloader
INFO 2025-08-09 17:42:42,444 autoreload 1437400 124657842626688 Watching for file changes with StatReloader
INFO 2025-08-09 17:42:51,220 basehttp 1437400 124657667667648 "GET / HTTP/1.1" 200 1553
INFO 2025-08-09 17:42:51,599 basehttp 1437400 124657667667648 "GET /?format=openapi HTTP/1.1" 200 38558
INFO 2025-08-09 17:45:36,814 basehttp 1437400 124657667667648 "POST /api/accounts/login/ HTTP/1.1" 200 2474
WARNING 2025-08-09 17:46:19,302 log 1437400 124657667667648 Bad Request: /api/accounts/logout/
WARNING 2025-08-09 17:46:19,303 basehttp 1437400 124657667667648 "POST /api/accounts/logout/ HTTP/1.1" 400 33
INFO 2025-08-09 17:50:15,506 autoreload 1437400 124657842626688 /home/hader/skillswap-backend/skillswap/settings.py changed, reloading.
INFO 2025-08-09 17:50:16,368 autoreload 1447421 135208763285632 Watching for file changes with StatReloader
INFO 2025-08-09 17:50:22,690 basehttp 1447421 135208590374592 "GET / HTTP/1.1" 200 1553
INFO 2025-08-09 17:50:23,092 basehttp 1447421 135208590374592 "GET /?format=openapi HTTP/1.1" 200 38558
INFO 2025-08-09 17:50:53,547 basehttp 1447421 135208590374592 "POST /api/accounts/login/ HTTP/1.1" 200 2474
INFO 2025-08-09 17:51:31,917 basehttp 1447421 135208590374592 "POST /api/accounts/logout/ HTTP/1.1" 200 37
INFO 2025-08-09 17:51:53,242 basehttp 1447421 135208590374592 "GET /api/accounts/profile/ HTTP/1.1" 200 1972
INFO 2025-08-09 17:52:05,955 basehttp 1447421 135208590374592 "GET /api/accounts/skills/ HTTP/1.1" 200 1450
INFO 2025-08-09 17:52:14,624 basehttp 1447421 135208590374592 "GET /api/chat/rooms/ HTTP/1.1" 200 2
WARNING 2025-08-09 17:52:23,889 log 1447421 135208590374592 Not Found: /api/chat/rooms/1/
WARNING 2025-08-09 17:52:23,889 basehttp 1447421 135208590374592 "GET /api/chat/rooms/1/ HTTP/1.1" 404 31
INFO 2025-08-09 17:52:31,229 basehttp 1447421 135208590374592 "GET /api/notifications/ HTTP/1.1" 200 2
INFO 2025-08-09 17:52:38,368 basehttp 1447421 135208590374592 "POST /api/notifications/read-all/ HTTP/1.1" 200 20
INFO 2025-08-09 17:52:46,388 basehttp 1447421 135208590374592 "GET /api/payments/history/ HTTP/1.1" 200 2
INFO 2025-08-09 17:53:03,104 basehttp 1447421 135208590374592 "POST /api/payments/paymob/ HTTP/1.1" 200 1132
ERROR 2025-08-09 17:53:26,561 log 1447421 135208590374592 Service Unavailable: /api/payments/paypal/
ERROR 2025-08-09 17:53:26,561 basehttp 1447421 135208590374592 "POST /api/payments/paypal/ HTTP/1.1" 503 33
INFO 2025-08-09 17:53:34,689 basehttp 1447421 135208590374592 "GET /api/points/orders/ HTTP/1.1" 200 18363
WARNING 2025-08-09 17:53:54,753 log 1447421 135208590374592 Bad Request: /api/points/orders/
WARNING 2025-08-09 17:53:54,753 basehttp 1447421 135208590374592 "POST /api/points/orders/ HTTP/1.1" 400 56
INFO 2025-08-09 17:54:19,776 basehttp 1447421 135208590374592 "POST /api/points/orders/ HTTP/1.1" 201 6047
INFO 2025-08-09 17:54:34,088 basehttp 1447421 135208590374592 "POST /api/points/orders/ HTTP/1.1" 201 6274
INFO 2025-08-09 17:55:03,571 basehttp 1447421 135208590374592 "GET /api/points/packages/ HTTP/1.1" 200 1448
INFO 2025-08-09 17:55:10,802 basehttp 1447421 135208590374592 "GET /api/points/transactions/ HTTP/1.1" 200 196
INFO 2025-08-09 17:55:18,689 basehttp 1447421 135208590374592 "GET /api/reviews/ HTTP/1.1" 200 7024
WARNING 2025-08-09 17:57:21,944 log 1447421 135208590374592 Bad Request: /api/skills/
WARNING 2025-08-09 17:57:21,944 basehttp 1447421 135208590374592 "POST /api/skills/ HTTP/1.1" 400 59
ERROR 2025-08-09 17:57:36,626 log 1447421 135208590374592 Internal Server Error: /api/skills/
Traceback (most recent call last):
  File "/home/hader/skillswap-backend/venv/lib/python3.12/site-packages/django/core/handlers/exception.py", line 55, in inner
    response = get_response(request)
               ^^^^^^^^^^^^^^^^^^^^^
  File "/home/hader/skillswap-backend/venv/lib/python3.12/site-packages/django/core/handlers/base.py", line 197, in _get_response
    response = wrapped_callback(request, *callback_args, **callback_kwargs)
               ^^^^^^^^^^^^^^^^^^^^^^^^^^^^^^^^^^^^^^^^^^^^^^^^^^^^^^^^^^^^
  File "/home/hader/skillswap-backend/venv/lib/python3.12/site-packages/django/views/decorators/csrf.py", line 65, in _view_wrapper
    return view_func(request, *args, **kwargs)
           ^^^^^^^^^^^^^^^^^^^^^^^^^^^^^^^^^^^
  File "/home/hader/skillswap-backend/venv/lib/python3.12/site-packages/django/views/generic/base.py", line 104, in view
    return self.dispatch(request, *args, **kwargs)
           ^^^^^^^^^^^^^^^^^^^^^^^^^^^^^^^^^^^^^^^
  File "/home/hader/skillswap-backend/venv/lib/python3.12/site-packages/rest_framework/views.py", line 509, in dispatch
    response = self.handle_exception(exc)
               ^^^^^^^^^^^^^^^^^^^^^^^^^^
  File "/home/hader/skillswap-backend/venv/lib/python3.12/site-packages/rest_framework/views.py", line 469, in handle_exception
    self.raise_uncaught_exception(exc)
  File "/home/hader/skillswap-backend/venv/lib/python3.12/site-packages/rest_framework/views.py", line 480, in raise_uncaught_exception
    raise exc
  File "/home/hader/skillswap-backend/venv/lib/python3.12/site-packages/rest_framework/views.py", line 506, in dispatch
    response = handler(request, *args, **kwargs)
               ^^^^^^^^^^^^^^^^^^^^^^^^^^^^^^^^^
  File "/home/hader/skillswap-backend/skills/views.py", line 186, in post
    skill = serializer.save(user=request.user)
            ^^^^^^^^^^^^^^^^^^^^^^^^^^^^^^^^^^
  File "/home/hader/skillswap-backend/venv/lib/python3.12/site-packages/rest_framework/serializers.py", line 208, in save
    self.instance = self.create(validated_data)
                    ^^^^^^^^^^^^^^^^^^^^^^^^^^^
  File "/home/hader/skillswap-backend/skills/serializers.py", line 72, in create
    validated_data['user'] = self.context['request'].user
                             ~~~~~~~~~~~~^^^^^^^^^^^
KeyError: 'request'
ERROR 2025-08-09 17:57:36,628 basehttp 1447421 135208590374592 "POST /api/skills/ HTTP/1.1" 500 25165
INFO 2025-08-09 17:57:52,535 basehttp 1447421 135208590374592 "GET /api/skills/1/ HTTP/1.1" 200 3648
INFO 2025-08-09 17:57:53,295 basehttp 1447421 135208590374592 "GET /api/skills/1/ HTTP/1.1" 200 3648
ERROR 2025-08-09 17:58:35,071 log 1447421 135208590374592 Internal Server Error: /api/skills/
Traceback (most recent call last):
  File "/home/hader/skillswap-backend/venv/lib/python3.12/site-packages/django/core/handlers/exception.py", line 55, in inner
    response = get_response(request)
               ^^^^^^^^^^^^^^^^^^^^^
  File "/home/hader/skillswap-backend/venv/lib/python3.12/site-packages/django/core/handlers/base.py", line 197, in _get_response
    response = wrapped_callback(request, *callback_args, **callback_kwargs)
               ^^^^^^^^^^^^^^^^^^^^^^^^^^^^^^^^^^^^^^^^^^^^^^^^^^^^^^^^^^^^
  File "/home/hader/skillswap-backend/venv/lib/python3.12/site-packages/django/views/decorators/csrf.py", line 65, in _view_wrapper
    return view_func(request, *args, **kwargs)
           ^^^^^^^^^^^^^^^^^^^^^^^^^^^^^^^^^^^
  File "/home/hader/skillswap-backend/venv/lib/python3.12/site-packages/django/views/generic/base.py", line 104, in view
    return self.dispatch(request, *args, **kwargs)
           ^^^^^^^^^^^^^^^^^^^^^^^^^^^^^^^^^^^^^^^
  File "/home/hader/skillswap-backend/venv/lib/python3.12/site-packages/rest_framework/views.py", line 509, in dispatch
    response = self.handle_exception(exc)
               ^^^^^^^^^^^^^^^^^^^^^^^^^^
  File "/home/hader/skillswap-backend/venv/lib/python3.12/site-packages/rest_framework/views.py", line 469, in handle_exception
    self.raise_uncaught_exception(exc)
  File "/home/hader/skillswap-backend/venv/lib/python3.12/site-packages/rest_framework/views.py", line 480, in raise_uncaught_exception
    raise exc
  File "/home/hader/skillswap-backend/venv/lib/python3.12/site-packages/rest_framework/views.py", line 506, in dispatch
    response = handler(request, *args, **kwargs)
               ^^^^^^^^^^^^^^^^^^^^^^^^^^^^^^^^^
  File "/home/hader/skillswap-backend/skills/views.py", line 186, in post
    skill = serializer.save(user=request.user)
            ^^^^^^^^^^^^^^^^^^^^^^^^^^^^^^^^^^
  File "/home/hader/skillswap-backend/venv/lib/python3.12/site-packages/rest_framework/serializers.py", line 208, in save
    self.instance = self.create(validated_data)
                    ^^^^^^^^^^^^^^^^^^^^^^^^^^^
  File "/home/hader/skillswap-backend/skills/serializers.py", line 72, in create
    validated_data['user'] = self.context['request'].user
                             ~~~~~~~~~~~~^^^^^^^^^^^
KeyError: 'request'
ERROR 2025-08-09 17:58:35,073 basehttp 1447421 135208590374592 "POST /api/skills/ HTTP/1.1" 500 25165
INFO 2025-08-09 17:59:14,058 basehttp 1447421 135208590374592 "GET /api/skills/?search=Database%20Design&category=4&language=en&difficulty=begginer&points_min=50&points_max=200&rating_min=3&rating_max=5&is_featured=true HTTP/1.1" 200 2
WARNING 2025-08-09 17:59:24,771 log 1447421 135208590374592 Not Found: /api/skills/35/
WARNING 2025-08-09 17:59:24,771 basehttp 1447421 135208590374592 "GET /api/skills/35/ HTTP/1.1" 404 27
INFO 2025-08-09 17:59:29,712 basehttp 1447421 135208590374592 "GET /api/skills/4/ HTTP/1.1" 200 4384
INFO 2025-08-09 17:59:52,380 basehttp 1447421 135208590374592 "GET /api/skills/categories/ HTTP/1.1" 200 9240
INFO 2025-08-09 18:00:06,641 basehttp 1447421 135208590374592 "GET /api/skills/categories/3/ HTTP/1.1" 200 305
INFO 2025-08-09 18:00:22,605 basehttp 1447421 135208590374592 "GET /api/chat/rooms/ HTTP/1.1" 200 2
INFO 2025-08-09 18:00:43,383 basehttp 1447421 135208590374592 "GET /api/accounts/profile/ HTTP/1.1" 200 1972
INFO 2025-08-09 18:12:21,522 basehttp 1447421 135208590374592 "POST /api/accounts/login/ HTTP/1.1" 200 2474
INFO 2025-08-09 18:12:42,081 basehttp 1447421 135208590374592 "POST /api/accounts/refresh/ HTTP/1.1" 200 241
WARNING 2025-08-09 18:14:08,461 log 1447421 135208590374592 Bad Request: /api/accounts/register/
WARNING 2025-08-09 18:14:08,462 basehttp 1447421 135208590374592 "POST /api/accounts/register/ HTTP/1.1" 400 46
INFO 2025-08-09 18:14:29,579 basehttp 1447421 135208590374592 "POST /api/accounts/register/ HTTP/1.1" 201 992
INFO 2025-08-09 18:14:59,362 basehttp 1447421 135208590374592 "GET /api/accounts/profile/ HTTP/1.1" 200 1972
INFO 2025-08-09 18:15:48,133 basehttp 1447421 135208590374592 "GET /api/accounts/skills/ HTTP/1.1" 200 1450
WARNING 2025-08-09 18:16:28,079 log 1447421 135208590374592 Not Found: /api/accounts/skills/4/
WARNING 2025-08-09 18:16:28,079 basehttp 1447421 135208590374592 "GET /api/accounts/skills/4/ HTTP/1.1" 404 27
INFO 2025-08-09 18:16:44,404 basehttp 1447421 135208590374592 "GET /api/accounts/skills/36/ HTTP/1.1" 200 144
INFO 2025-08-09 18:17:03,072 basehttp 1447421 135208590374592 "GET /api/chat/rooms/ HTTP/1.1" 200 2
INFO 2025-08-09 18:17:20,043 basehttp 1447421 135208590374592 "POST /api/notifications/read-all/ HTTP/1.1" 200 20
INFO 2025-08-09 18:17:41,456 basehttp 1447421 135208590374592 "POST /api/payments/paymob/ HTTP/1.1" 200 1132
INFO 2025-08-09 18:17:57,700 basehttp 1447421 135208590374592 "GET /api/points/orders/ HTTP/1.1" 200 30686
INFO 2025-08-09 18:19:07,166 basehttp 1447421 135208590374592 "GET /api/points/orders/505/ HTTP/1.1" 200 6274
INFO 2025-08-09 18:19:17,638 basehttp 1447421 135208590374592 "GET /api/points/packages/ HTTP/1.1" 200 1448
WARNING 2025-08-09 21:04:25,473 log 1447421 135208590374592 Unauthorized: /api/accounts/login/
WARNING 2025-08-09 21:04:25,474 basehttp 1447421 135208590374592 "POST /api/accounts/login/ HTTP/1.1" 401 183
INFO 2025-08-10 14:48:36,665 autoreload 1447421 135208763285632 /home/hader/skillswap-backend/skillswap/settings.py changed, reloading.
INFO 2025-08-10 14:48:37,534 autoreload 2020558 137397506932864 Watching for file changes with StatReloader
INFO 2025-08-10 14:52:40,044 autoreload 2020558 137397506932864 /home/hader/skillswap-backend/skillswap/urls.py changed, reloading.
INFO 2025-08-10 14:52:40,911 autoreload 2025966 125203187712128 Watching for file changes with StatReloader
INFO 2025-08-10 14:52:44,252 autoreload 2025966 125203187712128 /home/hader/skillswap-backend/skillswap/urls.py changed, reloading.
INFO 2025-08-10 14:52:44,989 autoreload 2026074 126797623529600 Watching for file changes with StatReloader
INFO 2025-08-10 14:53:01,533 autoreload 2026074 126797623529600 /home/hader/skillswap-backend/skillswap/urls.py changed, reloading.
INFO 2025-08-10 14:53:02,346 autoreload 2026506 134821405970560 Watching for file changes with StatReloader
INFO 2025-08-10 15:20:09,800 autoreload 2065129 136203861594240 Watching for file changes with StatReloader
INFO 2025-08-10 15:20:14,575 basehttp 2065129 136203680609984 "GET / HTTP/1.1" 200 1553
INFO 2025-08-10 15:20:14,633 basehttp 2065129 136203680609984 "GET /static/drf-yasg/style.css HTTP/1.1" 200 1047
INFO 2025-08-10 15:20:14,641 basehttp 2065129 136203680609984 "GET /static/drf-yasg/swagger-ui-init.js HTTP/1.1" 200 14964
INFO 2025-08-10 15:20:14,644 basehttp 2065129 136203638646464 "GET /static/drf-yasg/insQ.min.js HTTP/1.1" 200 2093
INFO 2025-08-10 15:20:14,647 basehttp 2065129 136203630253760 "GET /static/drf-yasg/immutable.min.js HTTP/1.1" 200 56904
INFO 2025-08-10 15:20:14,656 basehttp 2065129 136203655431872 "GET /static/drf-yasg/swagger-ui-dist/swagger-ui.css HTTP/1.1" 200 143858
INFO 2025-08-10 15:20:14,661 basehttp 2065129 136203647039168 "GET /static/drf-yasg/swagger-ui-dist/swagger-ui-standalone-preset.js HTTP/1.1" 200 324275
INFO 2025-08-10 15:20:14,664 basehttp 2065129 136203672217280 "GET /static/drf-yasg/swagger-ui-dist/swagger-ui-bundle.js HTTP/1.1" 200 1086481
INFO 2025-08-10 15:20:14,825 basehttp 2065129 136203680609984 "GET /?format=openapi HTTP/1.1" 200 38558
INFO 2025-08-10 16:14:21,540 autoreload 2141935 131187803263104 Watching for file changes with StatReloader
INFO 2025-08-10 16:14:31,699 autoreload 2142148 123436702204032 Watching for file changes with StatReloader
INFO 2025-08-10 16:15:44,702 autoreload 2143904 132760275595392 Watching for file changes with StatReloader
INFO 2025-08-10 16:15:49,164 autoreload 2144117 125050422612096 Watching for file changes with StatReloader
INFO 2025-08-10 16:17:23,840 autoreload 2146287 132648767279232 Watching for file changes with StatReloader
INFO 2025-08-10 16:17:27,579 basehttp 2146287 132648588539584 "GET / HTTP/1.1" 200 1553
INFO 2025-08-10 16:17:27,628 basehttp 2146287 132648588539584 "GET /static/drf-yasg/style.css HTTP/1.1" 200 1047
INFO 2025-08-10 16:17:27,631 basehttp 2146287 132648546576064 "GET /static/drf-yasg/insQ.min.js HTTP/1.1" 200 2093
INFO 2025-08-10 16:17:27,633 basehttp 2146287 132648538183360 "GET /static/drf-yasg/immutable.min.js HTTP/1.1" 200 56904
INFO 2025-08-10 16:17:27,634 basehttp 2146287 132648580146880 "GET /static/drf-yasg/swagger-ui-dist/swagger-ui.css HTTP/1.1" 200 143858
INFO 2025-08-10 16:17:27,637 basehttp 2146287 132648546576064 "GET /static/drf-yasg/swagger-ui-init.js HTTP/1.1" 200 14964
INFO 2025-08-10 16:17:27,637 basehttp 2146287 132648554968768 "GET /static/drf-yasg/swagger-ui-dist/swagger-ui-standalone-preset.js HTTP/1.1" 200 324275
INFO 2025-08-10 16:17:27,640 basehttp 2146287 132648563361472 "GET /static/drf-yasg/swagger-ui-dist/swagger-ui-bundle.js HTTP/1.1" 200 1086481
INFO 2025-08-10 16:17:27,819 basehttp 2146287 132648563361472 "GET /?format=openapi HTTP/1.1" 200 38558
INFO 2025-08-10 16:17:58,699 basehttp 2146287 132648563361472 "POST /api/accounts/login/ HTTP/1.1" 200 2474
